2026-08-18 03:39:57 [SERVER] [INFO] Starting integrated minecraft server version 1.5.2
2026-08-18 03:39:57 [SERVER] [INFO] Generating keypair
2026-08-18 03:39:57 [SERVER] [INFO] Converting map!
2026-08-18 03:39:57 [SERVER] [INFO] Scanning folders...
2026-08-18 03:39:57 [SERVER] [INFO] Total conversion count is 0
2026-08-18 03:39:58 [SERVER] [INFO] Preparing start region for level 0
2026-08-18 03:39:59 [SERVER] [INFO] Preparing spawn area: 25%
2026-08-18 03:40:00 [SERVER] [INFO] Preparing spawn area: 60%
2026-08-18 03:40:01 [SERVER] [INFO] Sempre234[/127.0.0.1:0] logged in with entity id 63 at (-256.5, 67.0, -140.5)
2026-08-18 03:40:05 [SERVER] [INFO] Saving and pausing game...
2026-08-18 03:40:05 [SERVER] [INFO] Saving chunks for level 'New World'/Overworld
2026-08-18 03:40:08 [SERVER] [INFO] Saving chunks for level 'New World'/Nether
2026-08-18 03:40:08 [SERVER] [INFO] Saving chunks for level 'New World'/The End
2026-08-18 03:40:08 [SERVER] [INFO] Stopping server
2026-08-18 03:40:08 [SERVER] [INFO] Saving players
2026-08-18 03:40:08 [SERVER] [INFO] Saving worlds
2026-08-18 03:40:08 [SERVER] [INFO] Saving chunks for level 'New World'/Overworld
2026-08-18 03:40:08 [SERVER] [INFO] Saving chunks for level 'New World'/Nether
2026-08-18 03:40:08 [SERVER] [INFO] Saving chunks for level 'New World'/The End
2026-08-18 03:40:40 [SERVER] [INFO] Starting integrated minecraft server version 1.5.2
2026-08-18 03:40:40 [SERVER] [INFO] Generating keypair
2026-08-18 03:40:41 [SERVER] [INFO] Converting map!
2026-08-18 03:40:41 [SERVER] [INFO] Scanning folders...
2026-08-18 03:40:41 [SERVER] [INFO] Total conversion count is 0
2026-08-18 03:40:41 [SERVER] [INFO] Preparing start region for level 0
2026-08-18 03:40:42 [SERVER] [INFO] Preparing spawn area: 25%
2026-08-18 03:40:43 [SERVER] [INFO] Preparing spawn area: 62%
2026-08-18 03:40:44 [SERVER] [INFO] Preparing spawn area: 99%
2026-08-18 03:40:44 [SERVER] [INFO] Piordaranked[/127.0.0.1:0] logged in with entity id 223 at (176.5, 70.0, 229.5)
2026-08-18 03:40:57 [SERVER] [INFO] Piordaranked fell from a high place
2026-08-18 03:41:09 [SERVER] [INFO] Piordaranked fell from a high place
2026-08-18 03:41:11 [SERVER] [INFO] Stopping server
2026-08-18 03:41:11 [SERVER] [INFO] Saving players
2026-08-18 03:41:11 [SERVER] [INFO] Saving worlds
2026-08-18 03:41:11 [SERVER] [INFO] Saving chunks for level 'New World'/Overworld
2026-08-18 03:41:11 [SERVER] [INFO] Saving chunks for level 'New World'/Nether
2026-08-18 03:41:11 [SERVER] [INFO] Saving chunks for level 'New World'/The End
