2026-08-18 03:39:48 [CLIENT] [INFO] Setting user: Sempre234
2026-08-18 03:39:48 [CLIENT] [INFO] LWJGL Version: 2.9.0
2026-08-18 03:39:51 [CLIENT] [INFO] Found animation info for: textures/blocks/lava_flow.txt
2026-08-18 03:39:51 [CLIENT] [INFO] Found animation info for: textures/blocks/water_flow.txt
2026-08-18 03:39:51 [CLIENT] [INFO] Found animation info for: textures/blocks/fire_0.txt
2026-08-18 03:39:51 [CLIENT] [INFO] Found animation info for: textures/blocks/fire_1.txt
2026-08-18 03:39:51 [CLIENT] [INFO] Found animation info for: textures/blocks/lava.txt
2026-08-18 03:39:51 [CLIENT] [INFO] Found animation info for: textures/blocks/portal.txt
2026-08-18 03:39:51 [CLIENT] [INFO] Found animation info for: textures/blocks/water.txt
2026-08-18 03:39:51 [CLIENT] [INFO] Found animation info for: textures/items/clock.txt
2026-08-18 03:39:51 [CLIENT] [INFO] Found animation info for: textures/items/compass.txt
2026-08-18 03:40:04 [CLIENT] [INFO] [CHAT] §cYou do not have permission to use this command.
2026-08-18 03:40:15 [CLIENT] [INFO] [CHAT] Sempre234 fell out of the world
2026-08-18 03:40:15 [CLIENT] [INFO] [CHAT] Ouch. That looks like it hurt.
2026-08-18 03:40:35 [CLIENT] [INFO] Setting user: Piordaranked
2026-08-18 03:40:35 [CLIENT] [INFO] LWJGL Version: 2.9.0
2026-08-18 03:40:36 [CLIENT] [INFO] Found animation info for: textures/blocks/lava_flow.txt
2026-08-18 03:40:36 [CLIENT] [INFO] Found animation info for: textures/blocks/water_flow.txt
2026-08-18 03:40:36 [CLIENT] [INFO] Found animation info for: textures/blocks/fire_0.txt
2026-08-18 03:40:36 [CLIENT] [INFO] Found animation info for: textures/blocks/fire_1.txt
2026-08-18 03:40:37 [CLIENT] [INFO] Found animation info for: textures/blocks/lava.txt
2026-08-18 03:40:37 [CLIENT] [INFO] Found animation info for: textures/blocks/portal.txt
2026-08-18 03:40:37 [CLIENT] [INFO] Found animation info for: textures/blocks/water.txt
2026-08-18 03:40:37 [CLIENT] [INFO] Found animation info for: textures/items/clock.txt
2026-08-18 03:40:37 [CLIENT] [INFO] Found animation info for: textures/items/compass.txt
2026-08-18 03:40:57 [CLIENT] [INFO] [CHAT] Piordaranked fell from a high place
2026-08-18 03:41:09 [CLIENT] [INFO] [CHAT] Piordaranked fell from a high place
